[classicrockuniversal.com/index.html]
[backblue.gif]
[fade.gif]
[index.html]
[classicrockuniversal.com/xmlrpc0db0.php]
[classicrockuniversal.com/wp-includes/wlwmanifest.xml]
[classicrockuniversal.com/wp-json/index.html]
[classicrockuniversal.com/feed/index.html]
[maxcdn.bootstrapcdn.com/font-awesome/4.2.0/css/font-awesome.min.css]
[maxcdn.bootstrapcdn.com/bootstrap/3.3.0/css/bootstrap.min.css]
[classicrockuniversal.com/wp-content/themes/radio/images/bg.jpg]
[platform-api.sharethis.com/js/sharethis.js]
[classicrockuniversal.com/wp-content/themes/radio/images/logo.png]
[classicrockuniversal.com/wp-content/uploads/2020/10/alexa_cru.jpg]
[classicrockuniversal.com/wp-content/uploads/2019/03/cru2020_620x337.jpg]
[classicrockuniversal.com/wp-content/themes/radio/images/transmision_envivo.png]
[ajax.googleapis.com/ajax/libs/jquery/1.11.1/jquery.min.js]
[widgets.listenlive.co/1.0/tdwidgets.min.js]
[maxcdn.bootstrapcdn.com/bootstrap/3.3.0/js/bootstrap.min.js]
[classicrockuniversal.com/wp-includes/js/wp-embed.min23c3.js]
[b3.tunegenie.com/js/loader2.min.js]
[www.google-analytics.com/analytics.js]
[classicrockuniversal.com/tg-sw.13.delayed]
[classicrockuniversal.com/tg2-sw.js]
[connect.facebook.net/es_LA/sdk.js]
[classicrockuniversal.com/wp-content/themes/radio/owl/owl.carousel.js]
[classicrockuniversal.com/index.html]
[classicrockuniversal.com/wp-includes/css/dist/block-library/style.min23c3.css]
[classicrockuniversal.com/xmlrpc.php]
[maxcdn.bootstrapcdn.com/bootstrap/3.3.0/css/bootstrap.min.css]
[maxcdn.bootstrapcdn.com/font-awesome/4.2.0/css/font-awesome.min.css]
[classicrockuniversal.com/wp-content/themes/radio/AjaxLoader.17.delayed]
[classicrockuniversal.com/wp-content/themes/radio/grabbing.png]
[classicrockuniversal.com/wp-content/themes/radio/style.css]
[classicrockuniversal.com/tg-sw.html]
[classicrockuniversal.com/tg2-sw.html]
[connect.facebook.net/es_LA/sdk.js]
[classicrockuniversal.com/wp-content/themes/radio/AjaxLoader.html]
[classicrockuniversal.com/wp-content/themes/radio/grabbing.html]
