[universalstereoonline.com/index.html]
[backblue.gif]
[fade.gif]
[index.html]
[universalstereoonline.com/xmlrpc0db0.php]
[universalstereoonline.com/wp-includes/wlwmanifest.xml]
[universalstereoonline.com/wp-json/index.html]
[universalstereoonline.com/feed/index.html]
[maxcdn.bootstrapcdn.com/font-awesome/4.2.0/css/font-awesome.min.css]
[maxcdn.bootstrapcdn.com/bootstrap/3.3.0/css/bootstrap.min.css]
[universalstereoonline.com/wp-content/themes/radio/images/bg.jpg]
[universalstereoonline.com/wp-content/themes/radio/images/logo.png]
[platform-api.sharethis.com/js/sharethis.js]
[universalstereoonline.com/wp-content/uploads/2020/10/alexa_uso-620x337.jpg]
[universalstereoonline.com/wp-content/uploads/2020/05/uso2020_620x337.jpg]
[universalstereoonline.com/wp-content/themes/radio/images/transmision_envivo.png]
[ajax.googleapis.com/ajax/libs/jquery/1.11.1/jquery.min.js]
[maxcdn.bootstrapcdn.com/bootstrap/3.3.0/js/bootstrap.min.js]
[universalstereoonline.com/wp-includes/js/wp-embed.min03e2.js]
[www.google-analytics.com/analytics.js]
[universalstereoonline.com/tg-sw.js]
[universalstereoonline.com/tg2-sw.js]
[widgets.listenlive.co/1.0/tdwidgets.min.js]
[b3.tunegenie.com/js/loader2.min.js]
[universalstereoonline.com/wp-content/themes/radio/owl/owl.carousel.js]
[universalstereoonline.com/index.html]
[universalstereoonline.com/wp-includes/css/dist/block-library/style.min03e2.css]
[universalstereoonline.com/xmlrpc.php]
[maxcdn.bootstrapcdn.com/bootstrap/3.3.0/css/bootstrap.min.css]
[maxcdn.bootstrapcdn.com/font-awesome/4.2.0/css/font-awesome.min.css]
[www.statcounter.com/counter/counter.js]
[universalstereoonline.com/wp-content/themes/radio/AjaxLoader.17.delayed]
[universalstereoonline.com/wp-content/themes/radio/grabbing.png]
[universalstereoonline.com/wp-content/themes/radio/style.css]
[universalstereoonline.com/tg-sw.html]
[universalstereoonline.com/tg2-sw.html]
[universalstereoonline.com/statcounter.com/counter/counter.js]
[universalstereoonline.com/statcounter.com/counter/counter_test.js]
[www.statcounter.com/counter/counter.js]
[universalstereoonline.com/wp-content/themes/radio/AjaxLoader.html]
[universalstereoonline.com/wp-content/themes/radio/grabbing.html]
[universalstereoonline.com/statcounter.com/counter/counter.html]
[universalstereoonline.com/statcounter.com/counter/counter_test.html]
[universalstereoonline.com/statcounter.com/localstorage/index.html]
[universalstereoonline.com/statcounter.com/localstorage/index.html]
[www.statcounter.com/counter/recorder.js]
[www.statcounter.com/counter/recorder.js]
